// Vitest Snapshot v1, https://vitest.dev/guide/snapshot.html

exports[`configs.common > appConfig > should match snapshot 1`] = `
{
  "appName": "Starter",
  "developerName": "Ajay Gupta",
  "developerUrl": "https://ajayg.co",
}
`;
